// Jest Snapshot v1, https://goo.gl/fbAQLP

exports[`get-options 1`] = `
Array [
  "allSelectedText",
  "buttonClass",
  "buttonContainer",
  "buttonText",
  "buttonTitle",
  "buttonWidth",
  "checkboxName",
  "delimiterText",
  "disableIfEmpty",
  "disabledText",
  "dropRight",
  "dropUp",
  "enableCaseInsensitiveFiltering",
  "enableClickableOptGroups",
  "enableCollapsibleOptGroups",
  "enableFiltering",
  "enableFullValueFiltering",
  "enableHTML",
  "filterBehavior",
  "filterPlaceholder",
  "includeFilterClearBtn",
  "includeSelectAllIfMoreThan",
  "includeSelectAllOption",
  "inheritClass",
  "maxHeight",
  "nSelectedText",
  "nonSelectedText",
  "numberDisplayed",
  "onChange",
  "onDeselectAll",
  "onDropdownHidden",
  "onDropdownHide",
  "onDropdownShow",
  "onDropdownShown",
  "onFiltering",
  "onInitialized",
  "onSelectAll",
  "optionClass",
  "optionLabel",
  "preventInputChangeEvent",
  "selectAllJustVisible",
  "selectAllName",
  "selectAllNumber",
  "selectAllText",
  "selectAllValue",
  "selectedClass",
  "templates",
]
`;
